###############################################################################
#                                                                             #
# IAR ELF Linker V1.40.1.50106 for STM8                 14/Jun/2017  15:59:22 #
# Copyright 2010-2013 IAR Systems AB.                                         #
#                                                                             #
#    Output file  =  D:\MyProject\stm8\my programme\STM8_MS5611\Debug\Exe\GPI #
#                    O.out                                                    #
#    Map file     =  D:\MyProject\stm8\my programme\STM8_MS5611\Debug\List\GP #
#                    IO.map                                                   #
#    Command line =  "D:\MyProject\stm8\my programme\STM8_MS5611\Debug\Obj\MS #
#                    5611.o" "D:\MyProject\stm8\my                            #
#                    programme\STM8_MS5611\Debug\Obj\main.o"                  #
#                    "D:\MyProject\stm8\my programme\STM8_MS5611\Debug\Obj\st #
#                    m8s_gpio.o" "D:\MyProject\stm8\my                        #
#                    programme\STM8_MS5611\Debug\Obj\stm8s_it.o" --redirect   #
#                    _Printf=_PrintfFullNoMb --redirect                       #
#                    _Scanf=_ScanfFullNoMb -o "D:\MyProject\stm8\my           #
#                    programme\STM8_MS5611\Debug\Exe\GPIO.out" --map          #
#                    "D:\MyProject\stm8\my programme\STM8_MS5611\Debug\List\G #
#                    PIO.map" --config "C:\Program Files (x86)\IAR            #
#                    Systems\Embedded Workbench 6.5\stm8\config\lnkstm8s103f3 #
#                    .icf" --config_def _CSTACK_SIZE=0x100 --config_def       #
#                    _HEAP_SIZE=0x100 --entry __iar_program_start --debug_lib #
#                                                                             #
#                                                                             #
###############################################################################

*******************************************************************************
*** RUNTIME MODEL ATTRIBUTES
***

__SystemLibrary            = DLib
__code_model               = small
__core                     = stm8
__data_model               = medium
__dlib_file_descriptor     = 0
__dlib_full_locale_support = 0
__rt_version               = 4


*******************************************************************************
*** PLACEMENT SUMMARY
***

"A1":  place at start of [0x000000-0x0000ff] { rw section .vregs };
"A2":  place at end of [0x000000-0x0003ff] { block CSTACK };
"P2":  place in [from 0x000000 to 0x0003ff] {
          block HEAP, rw section .far.bss, rw section .far.data,
          rw section .far.noinit, rw section .far_func.textrw,
          rw section .huge.bss, rw section .huge.data, rw section .huge.noinit,
          rw section .huge_func.textrw, rw section .iar.dynexit,
          rw section .near.bss, rw section .near.data, rw section .near.noinit,
          rw section .near_func.textrw };
"A3":  place at start of [0x008000-0x009fff] { block INTVEC };
"P3":  place in [from 0x008000 to 0x009fff] {
          ro section .far.data_init, ro section .far_func.textrw_init,
          ro section .huge.data_init, ro section .huge_func.textrw_init,
          ro section .iar.init_table, ro section .init_array,
          ro section .near.data_init, ro section .near.rodata,
          ro section .near_func.text, ro section .near_func.textrw_init,
          ro section .tiny.data_init, ro section .tiny.rodata_init };

  Section          Kind      Address   Size  Object
  -------          ----      -------   ----  ------
"A1":                                  0x10
  .vregs           uninit   0x000000   0x10  vregs.o [4]
                          - 0x000010   0x10

"P2":                                  0x3e
  .near.bss        zero     0x000010    0xe  MS5611.o [1]
  .near.bss        zero     0x00001e    0x4  MS5611.o [1]
  .near.bss        zero     0x000022    0x4  MS5611.o [1]
  .near.bss        zero     0x000026    0x4  MS5611.o [1]
  .near.bss        zero     0x00002a    0x4  MS5611.o [1]
  .near.bss        zero     0x00002e    0x4  MS5611.o [1]
  .near.bss        zero     0x000032    0x4  MS5611.o [1]
  .near.bss        zero     0x000036    0x4  MS5611.o [1]
  .near.bss        zero     0x00003a    0x4  MS5611.o [1]
  .near.bss        zero     0x00003e    0x4  MS5611.o [1]
  .near.bss        zero     0x000042    0x4  MS5611.o [1]
  .near.bss        zero     0x000046    0x4  MS5611.o [1]
  .near.bss        zero     0x00004a    0x4  MS5611.o [1]
                          - 0x00004e   0x3e

"A2":                                 0x100
  CSTACK                    0x000300  0x100  <Block>
    CSTACK         uninit   0x000300  0x100  <Block tail>
                          - 0x000400  0x100

"A3":                                  0x80
  INTVEC                    0x008000   0x80  <Block>
    .intvec        const    0x008000   0x80  interrupt.o [4]
                          - 0x008080   0x80

"P3":                                 0xcef
  .near_func.text  ro code  0x008080  0x409  float.o [4]
  .near_func.text  ro code  0x008489  0x156  MS5611.o [1]
  .near_func.text  ro code  0x0085df  0x112  stm8s_gpio.o [1]
  .near_func.text  ro code  0x0086f1   0xd5  long.o [4]
  .near_func.text  ro code  0x0087c6   0xc5  vreg_util.o [4]
  .near_func.text  ro code  0x00888b   0xa2  MS5611.o [1]
  .near_func.text  ro code  0x00892d   0x7b  MS5611.o [1]
  .near_func.text  ro code  0x0089a8   0x5b  MS5611.o [1]
  .near_func.text  ro code  0x008a03   0x5a  MS5611.o [1]
  .near_func.text  ro code  0x008a5d   0x58  MS5611.o [1]
  .near_func.text  ro code  0x008ab5   0x57  long_util.o [4]
  .near.rodata     const    0x008b0c   0x53  stm8s_gpio.o [1]
  .near_func.text  ro code  0x008b5f   0x3f  MS5611.o [1]
  .near_func.text  ro code  0x008b9e   0x35  MS5611.o [1]
  .near_func.text  ro code  0x008bd3   0x29  MS5611.o [1]
  .near_func.text  ro code  0x008bfc   0x27  MS5611.o [1]
  .iar.init_table  const    0x008c23    0x8  - Linker created -
  .near_func.text  ro code  0x008c2b   0x1f  MS5611.o [1]
  .near_func.text  ro code  0x008c4a   0x1f  dc_util.o [4]
  .near_func.text  ro code  0x008c69   0x1e  init_small.o [4]
  .near_func.text  ro code  0x008c87   0x1d  MS5611.o [1]
  .near_func.text  ro code  0x008ca4   0x1b  main.o [1]
  .near_func.text  ro code  0x008cbf   0x17  init.o [4]
  .near_func.text  ro code  0x008cd6   0x14  __dbg_xxexit.o [3]
  .near_func.text  ro code  0x008cea   0x13  MS5611.o [1]
  .near_func.text  ro code  0x008cfd   0x13  cstartup.o [4]
  .near_func.text  ro code  0x008d10   0x11  MS5611.o [1]
  .near_func.text  ro code  0x008d21    0xd  MS5611.o [1]
  .near_func.text  ro code  0x008d2e    0x8  stm8s_gpio.o [1]
  .near_func.text  ro code  0x008d36    0x7  MS5611.o [1]
  .near_func.text  ro code  0x008d3d    0x7  stm8s_gpio.o [1]
  .near_func.text  ro code  0x008d44    0x5  cexit.o [4]
  .near_func.text  ro code  0x008d49    0x3  stm8s_gpio.o [1]
  .near_func.text  ro code  0x008d4c    0x3  interrupt.o [4]
  .near_func.text  ro code  0x008d4f    0x3  low_level_init.o [4]
  .near_func.text  ro code  0x008d52    0x3  exit.o [4]
  .near_func.text  ro code  0x008d55    0x3  unhandled_exception.o [4]
  .near_func.text  ro code  0x008d58    0x2  main.o [1]
  .near_func.text  ro code  0x008d5a    0x1  stm8s_it.o [1]
  .near_func.text  ro code  0x008d5b    0x1  stm8s_it.o [1]
  .near_func.text  ro code  0x008d5c    0x1  stm8s_it.o [1]
  .near_func.text  ro code  0x008d5d    0x1  stm8s_it.o [1]
  .near_func.text  ro code  0x008d5e    0x1  stm8s_it.o [1]
  .near_func.text  ro code  0x008d5f    0x1  stm8s_it.o [1]
  .near_func.text  ro code  0x008d60    0x1  stm8s_it.o [1]
  .near_func.text  ro code  0x008d61    0x1  stm8s_it.o [1]
  .near_func.text  ro code  0x008d62    0x1  stm8s_it.o [1]
  .near_func.text  ro code  0x008d63    0x1  stm8s_it.o [1]
  .near_func.text  ro code  0x008d64    0x1  stm8s_it.o [1]
  .near_func.text  ro code  0x008d65    0x1  stm8s_it.o [1]
  .near_func.text  ro code  0x008d66    0x1  stm8s_it.o [1]
  .near_func.text  ro code  0x008d67    0x1  stm8s_it.o [1]
  .near_func.text  ro code  0x008d68    0x1  stm8s_it.o [1]
  .near_func.text  ro code  0x008d69    0x1  stm8s_it.o [1]
  .near_func.text  ro code  0x008d6a    0x1  stm8s_it.o [1]
  .near_func.text  ro code  0x008d6b    0x1  stm8s_it.o [1]
  .near_func.text  ro code  0x008d6c    0x1  stm8s_it.o [1]
  .near_func.text  ro code  0x008d6d    0x1  stm8s_it.o [1]
  .near_func.text  ro code  0x008d6e    0x1  __dbg_break.o [3]
                          - 0x008d6f  0xcef


*******************************************************************************
*** INIT TABLE
***

          Address   Size
          -------   ----
Zero (__iar_zero_init2)
    1 destination range, total size 0x3e:
          0x000010  0x3e



*******************************************************************************
*** MODULE SUMMARY
***

    Module                 ro code  ro data  rw data
    ------                 -------  -------  -------
D:\MyProject\stm8\my programme\STM8_MS5611\Debug\Obj: [1]
    MS5611.o                 1 208                62
    main.o                      29
    stm8s_gpio.o               292       83
    stm8s_it.o                  20
    ------------------------------------------------
    Total:                   1 549       83       62

command line: [2]
    ------------------------------------------------
    Total:

dbgstm8smd.a: [3]
    __dbg_break.o                1
    __dbg_xxexit.o              20
    ------------------------------------------------
    Total:                      21

dlstm8smn.a: [4]
    cexit.o                      5
    cstartup.o                  19
    dc_util.o                   31
    exit.o                       3
    float.o                  1 033
    init.o                      23
    init_small.o                30
    interrupt.o                  3      128
    long.o                     213
    long_util.o                 87
    low_level_init.o             3
    unhandled_exception.o        3
    vreg_util.o                197
    vregs.o                                       16
    ------------------------------------------------
    Total:                   1 650      128       16

    Linker created                        8      256
----------------------------------------------------
    Grand Total:             3 220      219      334


*******************************************************************************
*** ENTRY LIST
***

Entry                    Address   Size  Type      Object
-----                    -------   ----  ----      ------
?add32_l0_l0_0x         0x0086f4         Code  Gb  long.o [4]
?add32_l0_l0_l1         0x0086f1         Code  Gb  long.o [4]
?b0                     0x000000         Data  Gb  vregs.o [4]
?b1                     0x000001         Data  Gb  vregs.o [4]
?b10                    0x00000a         Data  Gb  vregs.o [4]
?b11                    0x00000b         Data  Gb  vregs.o [4]
?b12                    0x00000c         Data  Gb  vregs.o [4]
?b13                    0x00000d         Data  Gb  vregs.o [4]
?b14                    0x00000e         Data  Gb  vregs.o [4]
?b15                    0x00000f         Data  Gb  vregs.o [4]
?b2                     0x000002         Data  Gb  vregs.o [4]
?b3                     0x000003         Data  Gb  vregs.o [4]
?b4                     0x000004         Data  Gb  vregs.o [4]
?b5                     0x000005         Data  Gb  vregs.o [4]
?b6                     0x000006         Data  Gb  vregs.o [4]
?b7                     0x000007         Data  Gb  vregs.o [4]
?b8                     0x000008         Data  Gb  vregs.o [4]
?b9                     0x000009         Data  Gb  vregs.o [4]
?dc32_l1                0x008c51         Code  Gb  dc_util.o [4]
?dc32_px                0x008c5e         Code  Gb  dc_util.o [4]
?dc8_px                 0x008c4a         Code  Gb  dc_util.o [4]
?e0                     0x000001         Data  Gb  vregs.o [4]
?e1                     0x000005         Data  Gb  vregs.o [4]
?e2                     0x000009         Data  Gb  vregs.o [4]
?e3                     0x00000d         Data  Gb  vregs.o [4]
?epilogue_l2            0x008835         Code  Gb  vreg_util.o [4]
?epilogue_l2_l3         0x008832         Code  Gb  vreg_util.o [4]
?epilogue_w4            0x008839         Code  Gb  vreg_util.o [4]
?fadd32_l0_l0_dc32      0x0080a6         Code  Gb  float.o [4]
?fadd32_l0_l0_l1        0x0080ab         Code  Gb  float.o [4]
?fcastf32u16_l0_x       0x008325         Code  Gb  float.o [4]
?fcastf32u32_l0_l0      0x008343         Code  Gb  float.o [4]
?fcmplt32_c_l0_0x       0x0082cf         Code  Gb  float.o [4]
?fcmplt32_c_l0_dc32     0x0082ca         Code  Gb  float.o [4]
?fdiv32_l0_l0_dc32      0x008217         Code  Gb  float.o [4]
?fdiv32_l0_l0_l1        0x00821c         Code  Gb  float.o [4]
?fmul32_l0_l0_0x        0x008179         Code  Gb  float.o [4]
?fmul32_l0_l0_l1        0x00817c         Code  Gb  float.o [4]
?fsub32_l0_l0_0x        0x00809d         Code  Gb  float.o [4]
?fsub32_l0_l0_l1        0x0080a0         Code  Gb  float.o [4]
?l0                     0x000000         Data  Gb  vregs.o [4]
?l1                     0x000004         Data  Gb  vregs.o [4]
?l2                     0x000008         Data  Gb  vregs.o [4]
?l3                     0x00000c         Data  Gb  vregs.o [4]
?load32_0x_l0           0x008afe         Code  Gb  long_util.o [4]
?load32_asp_l0          0x008af2         Code  Gb  long_util.o [4]
?load32_dbsp_l0         0x008aed         Code  Gb  long_util.o [4]
?load32_l0_0x           0x008ac5         Code  Gb  long_util.o [4]
?load32_l0_asp          0x008aba         Code  Gb  long_util.o [4]
?load32_l0_dbsp         0x008ab5         Code  Gb  long_util.o [4]
?load32_l0_xsp          0x008abc         Code  Gb  long_util.o [4]
?load32_l1_0x           0x008ae1         Code  Gb  long_util.o [4]
?load32_l1_asp          0x008ad6         Code  Gb  long_util.o [4]
?load32_l1_dbsp         0x008ad1         Code  Gb  long_util.o [4]
?load32_l1_xsp          0x008ad8         Code  Gb  long_util.o [4]
?load32_xsp_l0          0x008af4         Code  Gb  long_util.o [4]
?mov_e0_e1              0x008840         Code  Gb  vreg_util.o [4]
?mov_e0_e2              0x00884d         Code  Gb  vreg_util.o [4]
?mov_e1_e0              0x00885a         Code  Gb  vreg_util.o [4]
?mov_e1_e3              0x008867         Code  Gb  vreg_util.o [4]
?mov_e2_e0              0x008874         Code  Gb  vreg_util.o [4]
?mov_e3_e0              0x008881         Code  Gb  vreg_util.o [4]
?mov_l0_l1              0x00883d         Code  Gb  vreg_util.o [4]
?mov_l0_l2              0x00884a         Code  Gb  vreg_util.o [4]
?mov_l1_l0              0x008857         Code  Gb  vreg_util.o [4]
?mov_l1_l3              0x008864         Code  Gb  vreg_util.o [4]
?mov_l2_l0              0x008871         Code  Gb  vreg_util.o [4]
?mov_l3_l0              0x00887e         Code  Gb  vreg_util.o [4]
?mov_w1_w3              0x008843         Code  Gb  vreg_util.o [4]
?mov_w1_w5              0x008850         Code  Gb  vreg_util.o [4]
?mov_w3_w1              0x00885d         Code  Gb  vreg_util.o [4]
?mov_w3_w7              0x00886a         Code  Gb  vreg_util.o [4]
?mov_w5_w1              0x008877         Code  Gb  vreg_util.o [4]
?mov_w7_w1              0x008884         Code  Gb  vreg_util.o [4]
?mul32_l0_l0_0x         0x00872a         Code  Gb  long.o [4]
?mul32_l0_l0_dl         0x008727         Code  Gb  long.o [4]
?mul32_l0_l0_l1         0x008733         Code  Gb  long.o [4]
?pop_l2                 0x008814         Code  Gb  vreg_util.o [4]
?pop_l3                 0x00881f         Code  Gb  vreg_util.o [4]
?pop_w4                 0x0087de         Code  Gb  vreg_util.o [4]
?push_l2                0x0087ed         Code  Gb  vreg_util.o [4]
?push_l3                0x0087f2         Code  Gb  vreg_util.o [4]
?push_w4                0x0087c6         Code  Gb  vreg_util.o [4]
?sll32_0x_0x_a          0x0087b8         Code  Gb  long.o [4]
?sll32_l0_l0_a          0x0087b5         Code  Gb  long.o [4]
?sll32_l0_l0_db         0x0087b1         Code  Gb  long.o [4]
?sub32_l0_l0_0x         0x00870f         Code  Gb  long.o [4]
?sub32_l0_l0_l1         0x00870c         Code  Gb  long.o [4]
?w0                     0x000000         Data  Gb  vregs.o [4]
?w1                     0x000002         Data  Gb  vregs.o [4]
?w2                     0x000004         Data  Gb  vregs.o [4]
?w3                     0x000006         Data  Gb  vregs.o [4]
?w4                     0x000008         Data  Gb  vregs.o [4]
?w5                     0x00000a         Data  Gb  vregs.o [4]
?w6                     0x00000c         Data  Gb  vregs.o [4]
?w7                     0x00000e         Data  Gb  vregs.o [4]
ADC1_IRQHandler         0x008d6b    0x1  Code  Gb  stm8s_it.o [1]
AWU_IRQHandler          0x008d5c    0x1  Code  Gb  stm8s_it.o [1]
Aux                     0x000042    0x4  Data  Gb  MS5611.o [1]
CLK_IRQHandler          0x008d5d    0x1  Code  Gb  stm8s_it.o [1]
CSTACK$$Base            0x000300          --   Gb  - Linker created -
CSTACK$$Limit           0x000400          --   Gb  - Linker created -
Cal_C                   0x000010    0xe  Data  Gb  MS5611.o [1]
D1_Pres                 0x00001e    0x4  Data  Gb  MS5611.o [1]
D2_Temp                 0x000022    0x4  Data  Gb  MS5611.o [1]
EEPROM_EEC_IRQHandler   0x008d6d    0x1  Code  Gb  stm8s_it.o [1]
EXTI_PORTA_IRQHandler   0x008d5e    0x1  Code  Gb  stm8s_it.o [1]
EXTI_PORTB_IRQHandler   0x008d5f    0x1  Code  Gb  stm8s_it.o [1]
EXTI_PORTC_IRQHandler   0x008d60    0x1  Code  Gb  stm8s_it.o [1]
EXTI_PORTD_IRQHandler   0x008d61    0x1  Code  Gb  stm8s_it.o [1]
EXTI_PORTE_IRQHandler   0x008d62    0x1  Code  Gb  stm8s_it.o [1]
GPIO_Init               0x0085df  0x112  Code  Gb  stm8s_gpio.o [1]
GPIO_ReadInputPin       0x008d49    0x3  Code  Gb  stm8s_gpio.o [1]
GPIO_WriteHigh          0x008d3d    0x7  Code  Gb  stm8s_gpio.o [1]
GPIO_WriteLow           0x008d2e    0x8  Code  Gb  stm8s_gpio.o [1]
I2C_IRQHandler          0x008d6a    0x1  Code  Gb  stm8s_it.o [1]
I2C_RecvACK             0x008bd3   0x29  Code  Gb  MS5611.o [1]
I2C_RecvByte            0x008a5d   0x58  Code  Gb  MS5611.o [1]
I2C_SendACK             0x008b9e   0x35  Code  Gb  MS5611.o [1]
I2C_SendByte            0x008a03   0x5a  Code  Gb  MS5611.o [1]
I2C_Start               0x008bfc   0x27  Code  Gb  MS5611.o [1]
I2C_Stop                0x008c2b   0x1f  Code  Gb  MS5611.o [1]
INTVEC$$Base            0x008000          --   Gb  - Linker created -
INTVEC$$Limit           0x008080          --   Gb  - Linker created -
MS561101BA_DO_CONVERSION
                        0x00888b   0xa2  Code  Gb  MS5611.o [1]
MS561101BA_PROM_READ    0x00892d   0x7b  Code  Gb  MS5611.o [1]
MS561101BA_RESET        0x008d10   0x11  Code  Gb  MS5611.o [1]
MS561101BA_getPressure  0x008489  0x156  Code  Gb  MS5611.o [1]
MS561101BA_getTemperature
                        0x0089a8   0x5b  Code  Gb  MS5611.o [1]
MS5611_INIT             0x008d21    0xd  Code  Gb  MS5611.o [1]
MS5611_icc_init         0x008cea   0x13  Code  Gb  MS5611.o [1]
OFF2                    0x000046    0x4  Data  Gb  MS5611.o [1]
OFF_                    0x00002e    0x4  Data  Gb  MS5611.o [1]
Pressure                0x00003a    0x4  Data  Gb  MS5611.o [1]
Region$$Table$$Base     0x008c23          --   Gb  - Linker created -
Region$$Table$$Limit    0x008c2b          --   Gb  - Linker created -
SENS                    0x000032    0x4  Data  Gb  MS5611.o [1]
SENS2                   0x00004a    0x4  Data  Gb  MS5611.o [1]
SPI_IRQHandler          0x008d63    0x1  Code  Gb  stm8s_it.o [1]
T2                      0x000036    0x4  Data  Gb  MS5611.o [1]
TEMP                    0x00002a    0x4  Data  Gb  MS5611.o [1]
TEMP2                   0x00003e    0x4  Data  Gb  MS5611.o [1]
TIM1_CAP_COM_IRQHandler
                        0x008d65    0x1  Code  Gb  stm8s_it.o [1]
TIM1_UPD_OVF_TRG_BRK_IRQHandler
                        0x008d64    0x1  Code  Gb  stm8s_it.o [1]
TIM2_CAP_COM_IRQHandler
                        0x008d67    0x1  Code  Gb  stm8s_it.o [1]
TIM2_UPD_OVF_BRK_IRQHandler
                        0x008d66    0x1  Code  Gb  stm8s_it.o [1]
TIM4_UPD_OVF_IRQHandler
                        0x008d6c    0x1  Code  Gb  stm8s_it.o [1]
TLI_IRQHandler          0x008d5b    0x1  Code  Gb  stm8s_it.o [1]
TRAP_IRQHandler         0x008d5a    0x1  Code  Gb  stm8s_it.o [1]
UART1_RX_IRQHandler     0x008d69    0x1  Code  Gb  stm8s_it.o [1]
UART1_TX_IRQHandler     0x008d68    0x1  Code  Gb  stm8s_it.o [1]
__DebugBreak            0x008d6e    0x1  Code  Gb  __dbg_break.o [3]
__exit                  0x008cd6   0x14  Code  Gb  __dbg_xxexit.o [3]
__iar_data_init2        0x008cbf   0x17  Code  Gb  init.o [4]
__iar_program_start     0x008cfd         Code  Gb  cstartup.o [4]
__iar_unhandled_exception
                        0x008d55         Code  Gb  unhandled_exception.o [4]
__iar_zero_init2        0x008c69         Code  Gb  init_small.o [4]
__intvec                0x008000         Data  Gb  interrupt.o [4]
__low_level_init        0x008d4f    0x3  Code  Gb  low_level_init.o [4]
_exit                   0x008d44         Code  Gb  cexit.o [4]
_interrupt_1            0x008d5a         Code  Gb  stm8s_it.o [1]
_interrupt_10           0x008d4c         Code  Wk  interrupt.o [4]
_interrupt_11           0x008d4c         Code  Wk  interrupt.o [4]
_interrupt_12           0x008d63         Code  Gb  stm8s_it.o [1]
_interrupt_13           0x008d64         Code  Gb  stm8s_it.o [1]
_interrupt_14           0x008d65         Code  Gb  stm8s_it.o [1]
_interrupt_15           0x008d66         Code  Gb  stm8s_it.o [1]
_interrupt_16           0x008d67         Code  Gb  stm8s_it.o [1]
_interrupt_17           0x008d4c         Code  Wk  interrupt.o [4]
_interrupt_18           0x008d4c         Code  Wk  interrupt.o [4]
_interrupt_19           0x008d68         Code  Gb  stm8s_it.o [1]
_interrupt_2            0x008d5b         Code  Gb  stm8s_it.o [1]
_interrupt_20           0x008d69         Code  Gb  stm8s_it.o [1]
_interrupt_21           0x008d6a         Code  Gb  stm8s_it.o [1]
_interrupt_22           0x008d4c         Code  Wk  interrupt.o [4]
_interrupt_23           0x008d4c         Code  Wk  interrupt.o [4]
_interrupt_24           0x008d6b         Code  Gb  stm8s_it.o [1]
_interrupt_25           0x008d6c         Code  Gb  stm8s_it.o [1]
_interrupt_26           0x008d6d         Code  Gb  stm8s_it.o [1]
_interrupt_27           0x008d4c         Code  Wk  interrupt.o [4]
_interrupt_28           0x008d4c         Code  Wk  interrupt.o [4]
_interrupt_29           0x008d4c         Code  Wk  interrupt.o [4]
_interrupt_3            0x008d5c         Code  Gb  stm8s_it.o [1]
_interrupt_30           0x008d4c         Code  Wk  interrupt.o [4]
_interrupt_31           0x008d4c         Code  Wk  interrupt.o [4]
_interrupt_4            0x008d5d         Code  Gb  stm8s_it.o [1]
_interrupt_5            0x008d5e         Code  Gb  stm8s_it.o [1]
_interrupt_6            0x008d5f         Code  Gb  stm8s_it.o [1]
_interrupt_7            0x008d60         Code  Gb  stm8s_it.o [1]
_interrupt_8            0x008d61         Code  Gb  stm8s_it.o [1]
_interrupt_9            0x008d62         Code  Gb  stm8s_it.o [1]
assert_failed           0x008d58    0x2  Code  Gb  main.o [1]
dT                      0x000026    0x4  Data  Gb  MS5611.o [1]
delay_5us               0x008c87   0x1d  Code  Gb  MS5611.o [1]
delay_ms                0x008d36    0x7  Code  Gb  MS5611.o [1]
exit                    0x008d52    0x3  Code  Gb  exit.o [4]
main                    0x008ca4   0x1b  Code  Gb  main.o [1]
ms5611_GPIO_init        0x008b5f   0x3f  Code  Gb  MS5611.o [1]


[1] = D:\MyProject\stm8\my programme\STM8_MS5611\Debug\Obj
[2] = command line
[3] = dbgstm8smd.a
[4] = dlstm8smn.a

  3 220 bytes of readonly  code memory
    219 bytes of readonly  data memory
    334 bytes of readwrite data memory

Errors: none
Warnings: none
