###############################################################################
#                                                                             #
# IAR ELF Linker V1.40.1.50106 for STM8                 09/Jun/2017  10:24:42 #
# Copyright 2010-2013 IAR Systems AB.                                         #
#                                                                             #
#    Output file  =  D:\MyProject\stm8\my programme\STM8_MS5611\Debug\Exe\GPI #
#                    O.out                                                    #
#    Map file     =  D:\MyProject\stm8\my programme\STM8_MS5611\Debug\List\GP #
#                    IO.map                                                   #
#    Command line =  "D:\MyProject\stm8\my programme\STM8_MS5611\Debug\Obj\MS #
#                    5611.o" "D:\MyProject\stm8\my                            #
#                    programme\STM8_MS5611\Debug\Obj\main.o"                  #
#                    "D:\MyProject\stm8\my programme\STM8_MS5611\Debug\Obj\st #
#                    m8s_gpio.o" "D:\MyProject\stm8\my                        #
#                    programme\STM8_MS5611\Debug\Obj\stm8s_it.o" --redirect   #
#                    _Printf=_PrintfFullNoMb --redirect                       #
#                    _Scanf=_ScanfFullNoMb -o "D:\MyProject\stm8\my           #
#                    programme\STM8_MS5611\Debug\Exe\GPIO.out" --map          #
#                    "D:\MyProject\stm8\my programme\STM8_MS5611\Debug\List\G #
#                    PIO.map" --config "C:\Program Files (x86)\IAR            #
#                    Systems\Embedded Workbench 6.5\stm8\config\lnkstm8s103f3 #
#                    .icf" --config_def _CSTACK_SIZE=0x100 --config_def       #
#                    _HEAP_SIZE=0x100 --entry __iar_program_start --debug_lib #
#                                                                             #
#                                                                             #
###############################################################################

*******************************************************************************
*** RUNTIME MODEL ATTRIBUTES
***

__SystemLibrary            = DLib
__code_model               = small
__core                     = stm8
__data_model               = medium
__dlib_file_descriptor     = 0
__dlib_full_locale_support = 0
__rt_version               = 4


*******************************************************************************
*** PLACEMENT SUMMARY
***

"A1":  place at start of [0x000000-0x0000ff] { rw section .vregs };
"A2":  place at end of [0x000000-0x0003ff] { block CSTACK };
"A3":  place at start of [0x008000-0x009fff] { block INTVEC };
"P3":  place in [from 0x008000 to 0x009fff] {
          ro section .far.data_init, ro section .far_func.textrw_init,
          ro section .huge.data_init, ro section .huge_func.textrw_init,
          ro section .iar.init_table, ro section .init_array,
          ro section .near.data_init, ro section .near.rodata,
          ro section .near_func.text, ro section .near_func.textrw_init,
          ro section .tiny.data_init, ro section .tiny.rodata_init };

  Section          Kind      Address   Size  Object
  -------          ----      -------   ----  ------
"A1":                                  0x10
  .vregs           uninit   0x000000   0x10  vregs.o [4]
                          - 0x000010   0x10

"A2":                                 0x100
  CSTACK                    0x000300  0x100  <Block>
    CSTACK         uninit   0x000300  0x100  <Block tail>
                          - 0x000400  0x100

"A3":                                  0x80
  INTVEC                    0x008000   0x80  <Block>
    .intvec        const    0x008000   0x80  interrupt.o [4]
                          - 0x008080   0x80

"P3":                                 0x41e
  .near_func.text  ro code  0x008080  0x112  stm8s_gpio.o [1]
  .near_func.text  ro code  0x008192   0xc4  MS5611.o [1]
  .near_func.text  ro code  0x008256   0x77  vreg_util.o [4]
  .near_func.text  ro code  0x0082cd   0x6a  MS5611.o [1]
  .near.rodata     const    0x008337   0x53  stm8s_gpio.o [1]
  .near_func.text  ro code  0x00838a   0x3f  MS5611.o [1]
  .near_func.text  ro code  0x0083c9   0x32  main.o [1]
  .near_func.text  ro code  0x0083fb   0x1d  MS5611.o [1]
  .near_func.text  ro code  0x008418   0x17  init.o [4]
  .near_func.text  ro code  0x00842f   0x14  __dbg_xxexit.o [3]
  .near_func.text  ro code  0x008443   0x13  cstartup.o [4]
  .near_func.text  ro code  0x008456    0x8  stm8s_gpio.o [1]
  .near_func.text  ro code  0x00845e    0x7  main.o [1]
  .near_func.text  ro code  0x008465    0x7  stm8s_gpio.o [1]
  .near_func.text  ro code  0x00846c    0x7  stm8s_gpio.o [1]
  .near_func.text  ro code  0x008473    0x5  cexit.o [4]
  .near_func.text  ro code  0x008478    0x3  stm8s_gpio.o [1]
  .near_func.text  ro code  0x00847b    0x3  interrupt.o [4]
  .near_func.text  ro code  0x00847e    0x3  low_level_init.o [4]
  .near_func.text  ro code  0x008481    0x3  exit.o [4]
  .near_func.text  ro code  0x008484    0x3  unhandled_exception.o [4]
  .near_func.text  ro code  0x008487    0x2  main.o [1]
  .near_func.text  ro code  0x008489    0x1  stm8s_it.o [1]
  .near_func.text  ro code  0x00848a    0x1  stm8s_it.o [1]
  .near_func.text  ro code  0x00848b    0x1  stm8s_it.o [1]
  .near_func.text  ro code  0x00848c    0x1  stm8s_it.o [1]
  .near_func.text  ro code  0x00848d    0x1  stm8s_it.o [1]
  .near_func.text  ro code  0x00848e    0x1  stm8s_it.o [1]
  .near_func.text  ro code  0x00848f    0x1  stm8s_it.o [1]
  .near_func.text  ro code  0x008490    0x1  stm8s_it.o [1]
  .near_func.text  ro code  0x008491    0x1  stm8s_it.o [1]
  .near_func.text  ro code  0x008492    0x1  stm8s_it.o [1]
  .near_func.text  ro code  0x008493    0x1  stm8s_it.o [1]
  .near_func.text  ro code  0x008494    0x1  stm8s_it.o [1]
  .near_func.text  ro code  0x008495    0x1  stm8s_it.o [1]
  .near_func.text  ro code  0x008496    0x1  stm8s_it.o [1]
  .near_func.text  ro code  0x008497    0x1  stm8s_it.o [1]
  .near_func.text  ro code  0x008498    0x1  stm8s_it.o [1]
  .near_func.text  ro code  0x008499    0x1  stm8s_it.o [1]
  .near_func.text  ro code  0x00849a    0x1  stm8s_it.o [1]
  .near_func.text  ro code  0x00849b    0x1  stm8s_it.o [1]
  .near_func.text  ro code  0x00849c    0x1  stm8s_it.o [1]
  .near_func.text  ro code  0x00849d    0x1  __dbg_break.o [3]
                          - 0x00849e  0x41e



*******************************************************************************
*** MODULE SUMMARY
***

    Module                 ro code  ro data  rw data
    ------                 -------  -------  -------
D:\MyProject\stm8\my programme\STM8_MS5611\Debug\Obj: [1]
    MS5611.o                   394
    main.o                      59
    stm8s_gpio.o               299       83
    stm8s_it.o                  20
    ------------------------------------------------
    Total:                     772       83

command line: [2]
    ------------------------------------------------
    Total:

dbgstm8smd.a: [3]
    __dbg_break.o                1
    __dbg_xxexit.o              20
    ------------------------------------------------
    Total:                      21

dlstm8smn.a: [4]
    cexit.o                      5
    cstartup.o                  19
    exit.o                       3
    init.o                      23
    interrupt.o                  3      128
    low_level_init.o             3
    unhandled_exception.o        3
    vreg_util.o                119
    vregs.o                                       16
    ------------------------------------------------
    Total:                     178      128       16

    Linker created                               256
----------------------------------------------------
    Grand Total:               971      211      272


*******************************************************************************
*** ENTRY LIST
***

Entry                     Address   Size  Type      Object
-----                     -------   ----  ----      ------
?b0                      0x000000         Data  Gb  vregs.o [4]
?b1                      0x000001         Data  Gb  vregs.o [4]
?b10                     0x00000a         Data  Gb  vregs.o [4]
?b11                     0x00000b         Data  Gb  vregs.o [4]
?b12                     0x00000c         Data  Gb  vregs.o [4]
?b13                     0x00000d         Data  Gb  vregs.o [4]
?b14                     0x00000e         Data  Gb  vregs.o [4]
?b15                     0x00000f         Data  Gb  vregs.o [4]
?b2                      0x000002         Data  Gb  vregs.o [4]
?b3                      0x000003         Data  Gb  vregs.o [4]
?b4                      0x000004         Data  Gb  vregs.o [4]
?b5                      0x000005         Data  Gb  vregs.o [4]
?b6                      0x000006         Data  Gb  vregs.o [4]
?b7                      0x000007         Data  Gb  vregs.o [4]
?b8                      0x000008         Data  Gb  vregs.o [4]
?b9                      0x000009         Data  Gb  vregs.o [4]
?e0                      0x000001         Data  Gb  vregs.o [4]
?e1                      0x000005         Data  Gb  vregs.o [4]
?e2                      0x000009         Data  Gb  vregs.o [4]
?e3                      0x00000d         Data  Gb  vregs.o [4]
?epilogue_l2             0x0082be         Code  Gb  vreg_util.o [4]
?epilogue_l2_w6          0x0082c2         Code  Gb  vreg_util.o [4]
?epilogue_w4             0x0082c9         Code  Gb  vreg_util.o [4]
?l0                      0x000000         Data  Gb  vregs.o [4]
?l1                      0x000004         Data  Gb  vregs.o [4]
?l2                      0x000008         Data  Gb  vregs.o [4]
?l3                      0x00000c         Data  Gb  vregs.o [4]
?pop_l2                  0x0082ab         Code  Gb  vreg_util.o [4]
?pop_w4                  0x008273         Code  Gb  vreg_util.o [4]
?pop_w6                  0x00827a         Code  Gb  vreg_util.o [4]
?push_l2                 0x008289         Code  Gb  vreg_util.o [4]
?push_w4                 0x008256         Code  Gb  vreg_util.o [4]
?push_w6                 0x00825b         Code  Gb  vreg_util.o [4]
?w0                      0x000000         Data  Gb  vregs.o [4]
?w1                      0x000002         Data  Gb  vregs.o [4]
?w2                      0x000004         Data  Gb  vregs.o [4]
?w3                      0x000006         Data  Gb  vregs.o [4]
?w4                      0x000008         Data  Gb  vregs.o [4]
?w5                      0x00000a         Data  Gb  vregs.o [4]
?w6                      0x00000c         Data  Gb  vregs.o [4]
?w7                      0x00000e         Data  Gb  vregs.o [4]
ADC1_IRQHandler          0x00849a    0x1  Code  Gb  stm8s_it.o [1]
AWU_IRQHandler           0x00848b    0x1  Code  Gb  stm8s_it.o [1]
CLK_IRQHandler           0x00848c    0x1  Code  Gb  stm8s_it.o [1]
CSTACK$$Base             0x000300          --   Gb  - Linker created -
CSTACK$$Limit            0x000400          --   Gb  - Linker created -
Delay                    0x00845e    0x7  Code  Gb  main.o [1]
EEPROM_EEC_IRQHandler    0x00849c    0x1  Code  Gb  stm8s_it.o [1]
EXTI_PORTA_IRQHandler    0x00848d    0x1  Code  Gb  stm8s_it.o [1]
EXTI_PORTB_IRQHandler    0x00848e    0x1  Code  Gb  stm8s_it.o [1]
EXTI_PORTC_IRQHandler    0x00848f    0x1  Code  Gb  stm8s_it.o [1]
EXTI_PORTD_IRQHandler    0x008490    0x1  Code  Gb  stm8s_it.o [1]
EXTI_PORTE_IRQHandler    0x008491    0x1  Code  Gb  stm8s_it.o [1]
GPIO_Init                0x008080  0x112  Code  Gb  stm8s_gpio.o [1]
GPIO_ReadInputPin        0x008478    0x3  Code  Gb  stm8s_gpio.o [1]
GPIO_WriteHigh           0x008465    0x7  Code  Gb  stm8s_gpio.o [1]
GPIO_WriteLow            0x008456    0x8  Code  Gb  stm8s_gpio.o [1]
GPIO_WriteReverse        0x00846c    0x7  Code  Gb  stm8s_gpio.o [1]
I2C_IRQHandler           0x008499    0x1  Code  Gb  stm8s_it.o [1]
INTVEC$$Base             0x008000          --   Gb  - Linker created -
INTVEC$$Limit            0x008080          --   Gb  - Linker created -
Region$$Table$$Base    0x00000000          --   Gb  - Linker created -
Region$$Table$$Limit   0x00000000          --   Gb  - Linker created -
SPI_IRQHandler           0x008492    0x1  Code  Gb  stm8s_it.o [1]
TIM1_CAP_COM_IRQHandler
                         0x008494    0x1  Code  Gb  stm8s_it.o [1]
TIM1_UPD_OVF_TRG_BRK_IRQHandler
                         0x008493    0x1  Code  Gb  stm8s_it.o [1]
TIM2_CAP_COM_IRQHandler
                         0x008496    0x1  Code  Gb  stm8s_it.o [1]
TIM2_UPD_OVF_BRK_IRQHandler
                         0x008495    0x1  Code  Gb  stm8s_it.o [1]
TIM4_UPD_OVF_IRQHandler
                         0x00849b    0x1  Code  Gb  stm8s_it.o [1]
TLI_IRQHandler           0x00848a    0x1  Code  Gb  stm8s_it.o [1]
TRAP_IRQHandler          0x008489    0x1  Code  Gb  stm8s_it.o [1]
UART1_RX_IRQHandler      0x008498    0x1  Code  Gb  stm8s_it.o [1]
UART1_TX_IRQHandler      0x008497    0x1  Code  Gb  stm8s_it.o [1]
__DebugBreak             0x00849d    0x1  Code  Gb  __dbg_break.o [3]
__exit                   0x00842f   0x14  Code  Gb  __dbg_xxexit.o [3]
__iar_data_init2         0x008418   0x17  Code  Gb  init.o [4]
__iar_program_start      0x008443         Code  Gb  cstartup.o [4]
__iar_unhandled_exception
                         0x008484         Code  Gb  unhandled_exception.o [4]
__intvec                 0x008000         Data  Gb  interrupt.o [4]
__low_level_init         0x00847e    0x3  Code  Gb  low_level_init.o [4]
_exit                    0x008473         Code  Gb  cexit.o [4]
_interrupt_1             0x008489         Code  Gb  stm8s_it.o [1]
_interrupt_10            0x00847b         Code  Wk  interrupt.o [4]
_interrupt_11            0x00847b         Code  Wk  interrupt.o [4]
_interrupt_12            0x008492         Code  Gb  stm8s_it.o [1]
_interrupt_13            0x008493         Code  Gb  stm8s_it.o [1]
_interrupt_14            0x008494         Code  Gb  stm8s_it.o [1]
_interrupt_15            0x008495         Code  Gb  stm8s_it.o [1]
_interrupt_16            0x008496         Code  Gb  stm8s_it.o [1]
_interrupt_17            0x00847b         Code  Wk  interrupt.o [4]
_interrupt_18            0x00847b         Code  Wk  interrupt.o [4]
_interrupt_19            0x008497         Code  Gb  stm8s_it.o [1]
_interrupt_2             0x00848a         Code  Gb  stm8s_it.o [1]
_interrupt_20            0x008498         Code  Gb  stm8s_it.o [1]
_interrupt_21            0x008499         Code  Gb  stm8s_it.o [1]
_interrupt_22            0x00847b         Code  Wk  interrupt.o [4]
_interrupt_23            0x00847b         Code  Wk  interrupt.o [4]
_interrupt_24            0x00849a         Code  Gb  stm8s_it.o [1]
_interrupt_25            0x00849b         Code  Gb  stm8s_it.o [1]
_interrupt_26            0x00849c         Code  Gb  stm8s_it.o [1]
_interrupt_27            0x00847b         Code  Wk  interrupt.o [4]
_interrupt_28            0x00847b         Code  Wk  interrupt.o [4]
_interrupt_29            0x00847b         Code  Wk  interrupt.o [4]
_interrupt_3             0x00848b         Code  Gb  stm8s_it.o [1]
_interrupt_30            0x00847b         Code  Wk  interrupt.o [4]
_interrupt_31            0x00847b         Code  Wk  interrupt.o [4]
_interrupt_4             0x00848c         Code  Gb  stm8s_it.o [1]
_interrupt_5             0x00848d         Code  Gb  stm8s_it.o [1]
_interrupt_6             0x00848e         Code  Gb  stm8s_it.o [1]
_interrupt_7             0x00848f         Code  Gb  stm8s_it.o [1]
_interrupt_8             0x008490         Code  Gb  stm8s_it.o [1]
_interrupt_9             0x008491         Code  Gb  stm8s_it.o [1]
assert_failed            0x008487    0x2  Code  Gb  main.o [1]
delay_5us                0x0083fb   0x1d  Code  Gb  MS5611.o [1]
exit                     0x008481    0x3  Code  Gb  exit.o [4]
main                     0x0083c9   0x32  Code  Gb  main.o [1]
ms5611_init              0x00838a   0x3f  Code  Gb  MS5611.o [1]
read_prom                0x008192   0xc4  Code  Gb  MS5611.o [1]
send8                    0x0082cd   0x6a  Code  Gb  MS5611.o [1]


[1] = D:\MyProject\stm8\my programme\STM8_MS5611\Debug\Obj
[2] = command line
[3] = dbgstm8smd.a
[4] = dlstm8smn.a

  971 bytes of readonly  code memory
  211 bytes of readonly  data memory
  272 bytes of readwrite data memory

Errors: none
Warnings: none
