###############################################################################
#                                                                             #
# IAR C/C++ Compiler V1.40.1.50106 for STM8             12/Jun/2017  09:01:06 #
# Copyright 2010-2013 IAR Systems AB.                                         #
#                                                                             #
#    Source file  =  D:\MyProject\stm8\my programme\STM8_MS5611\main.c        #
#    Command line =  "D:\MyProject\stm8\my programme\STM8_MS5611\main.c" -e   #
#                    -On --no_cse --no_unroll --no_inline --no_code_motion    #
#                    --no_tbaa --no_cross_call --debug --code_model small     #
#                    --data_model medium -o "D:\MyProject\stm8\my             #
#                    programme\STM8_MS5611\Debug\Obj\" --dlib_config          #
#                    "C:\Program Files (x86)\IAR Systems\Embedded Workbench   #
#                    6.5\stm8\LIB\dlstm8smn.h" -lcN "D:\MyProject\stm8\my     #
#                    programme\STM8_MS5611\Debug\List\" -I                    #
#                    "D:\MyProject\stm8\my programme\STM8_MS5611\" -I         #
#                    "D:\MyProject\stm8\my programme\STM8_MS5611\STM8S_StdPer #
#                    iph_Driver\src\" -I "D:\MyProject\stm8\my                #
#                    programme\STM8_MS5611\STM8S_StdPeriph_Driver\inc\"       #
#                    --vregs 16                                               #
#    List file    =  D:\MyProject\stm8\my programme\STM8_MS5611\Debug\List\ma #
#                    in.lst                                                   #
#    Object file  =  D:\MyProject\stm8\my programme\STM8_MS5611\Debug\Obj\mai #
#                    n.o                                                      #
#                                                                             #
#                                                                             #
###############################################################################

D:\MyProject\stm8\my programme\STM8_MS5611\main.c
      1          /**
      2            ******************************************************************************
      3            * @file    Project/main.c 
      4            * @author  MCD Application Team
      5            * @version V2.1.0
      6            * @date    18-November-2011
      7            * @brief   Main program body
      8            ******************************************************************************
      9            * @attention
     10            *
     11            * THE PRESENT FIRMWARE WHICH IS FOR GUIDANCE ONLY AIMS AT PROVIDING CUSTOMERS
     12            * WITH CODING INFORMATION REGARDING THEIR PRODUCTS IN ORDER FOR THEM TO SAVE
     13            * TIME. AS A RESULT, STMICROELECTRONICS SHALL NOT BE HELD LIABLE FOR ANY
     14            * DIRECT, INDIRECT OR CONSEQUENTIAL DAMAGES WITH RESPECT TO ANY CLAIMS ARISING
     15            * FROM THE CONTENT OF SUCH FIRMWARE AND/OR THE USE MADE BY CUSTOMERS OF THE
     16            * CODING INFORMATION CONTAINED HEREIN IN CONNECTION WITH THEIR PRODUCTS.
     17            *
     18            * <h2><center>&copy; COPYRIGHT 2011 STMicroelectronics</center></h2>
     19            ******************************************************************************
     20            */ 
     21          
     22          
     23          /* Includes ------------------------------------------------------------------*/
     24          #include "include.h"
     25          
     26          /* Private defines -----------------------------------------------------------*/
     27          /* Private function prototypes -----------------------------------------------*/
     28          /* Private functions ---------------------------------------------------------*/
     29          #define LED_GPIO_PORT  (GPIOB)
     30          #define LED_GPIO_PINS  (GPIO_PIN_5)
     31          void Delay(uint16_t nCount)
     32          {
     33            /* Decrement nCount value */
     34            while (nCount != 0)
     35            {   
     36              nCount--;
     37            }
     38          }
     39          void main(void)
     40          {
     41            volatile uint16_t prom1;
     42            /* Initialize I/Os in Output Mode */
     43            GPIO_Init(LED_GPIO_PORT, (GPIO_Pin_TypeDef)LED_GPIO_PINS, GPIO_MODE_OUT_PP_LOW_FAST);
     44          
     45            ms5611_init();
     46            send8(0x1e);
     47            Delay(500);
     48            convert(0x48);
     49            prom1 = read_prom(0xa2);
     50          
     51            while (1)
     52            {
     53              /* Toggles LEDs */
     54              GPIO_WriteReverse(LED_GPIO_PORT, (GPIO_Pin_TypeDef)LED_GPIO_PINS);
     55              Delay(0xffff);
     56            }
     57            
     58          }
     59          
     60          #ifdef USE_FULL_ASSERT
     61          
     62          /**
     63            * @brief  Reports the name of the source file and the source line number
     64            *   where the assert_param error has occurred.
     65            * @param file: pointer to the source file name
     66            * @param line: assert_param error line source number
     67            * @retval : None
     68            */
     69          void assert_failed(u8* file, u32 line)
     70          { 
     71            /* User can add his own implementation to report the file name and line number,
     72               ex: printf("Wrong parameters value: file %s on line %d\r\n", file, line) */
     73          
     74            /* Infinite loop */
     75            while (1)
     76            {
     77            }
     78          }
     79          #endif
     80          
     81          /******************* (C) COPYRIGHT 2011 STMicroelectronics *****END OF FILE****/

   Section sizes:

   Bytes  Function/Label
   -----  --------------
       7  Delay
       2  assert_failed
      55  main

 
 64 bytes in section .near_func.text
 
 64 bytes of CODE memory

Errors: none
Warnings: none
